// Jest Snapshot v1, https://goo.gl/fbAQLP

exports[`Components Alert should have a snapshot Alert component 1`] = `
<DocumentFragment>
  <div
    class="sc-AxjAm hrgNWO"
    color="green"
  >
    <span
      data-testid="text"
    >
      Warning is a warning
    </span>
  </div>
</DocumentFragment>
`;
